// Jest Snapshot v1, https://goo.gl/fbAQLP

exports[`Tabs Component Tabs base visually looks the same 1`] = `
<View
  style={
    Object {
      "height": 100,
      "width": "100%",
    }
  }
>
  <View
    collapsable={false}
    style={
      Array [
        Object {
          "flex": 1,
          "overflow": "hidden",
        },
        Object {},
      ]
    }
  >
    <View
      style={
        Object {
          "backgroundColor": "#47474D",
          "elevation": 1,
          "shadowColor": "#000",
          "shadowOffset": Object {
            "height": 3,
            "width": 0,
          },
          "shadowOpacity": 0.8,
          "shadowRadius": 2,
          "zIndex": 1,
        }
      }
    >
      <View
        pointerEvents="none"
        style={
          Object {
            "bottom": 0,
            "left": 0,
            "position": "absolute",
            "right": 0,
            "top": 0,
          }
        }
      >
        <View
          style={
            Object {
              "backgroundColor": "#72DEFF",
              "bottom": 0,
              "height": 2,
              "left": 0,
              "position": "absolute",
              "right": 0,
              "transform": Array [
                Object {
                  "translateX": 0,
                },
              ],
              "width": 375,
            }
          }
        />
      </View>
      <View
        style={
          Object {
            "overflow": "scroll",
          }
        }
      >
        <RCTScrollView
          alwaysBounceHorizontal={false}
          automaticallyAdjustContentInsets={false}
          contentContainerStyle={
            Array [
              Object {
                "flexDirection": "row",
                "flexWrap": "nowrap",
              },
              Object {
                "flex": 1,
              },
            ]
          }
          horizontal={true}
          keyboardShouldPersistTaps="handled"
          onMomentumScrollBegin={[Function]}
          onMomentumScrollEnd={[Function]}
          onScroll={[Function]}
          onScrollBeginDrag={[Function]}
          onScrollEndDrag={[Function]}
          overScrollMode="never"
          scrollEventThrottle={1}
          scrollsToTop={false}
          showsHorizontalScrollIndicator={false}
        >
          <View>
            <View
              accessibilityLabel="FIRST TAB"
              accessible={true}
              isTVSelectable={true}
              onResponderGrant={[Function]}
              onResponderMove={[Function]}
              onResponderRelease={[Function]}
              onResponderTerminate={[Function]}
              onResponderTerminationRequest={[Function]}
              onStartShouldSetResponder={[Function]}
              style={
                Object {
                  "flex": 1,
                  "opacity": 1,
                }
              }
            >
              <View
                pointerEvents="none"
                style={
                  Object {
                    "flex": 1,
                  }
                }
              >
                <View
                  style={
                    Object {
                      "alignItems": "center",
                      "flex": 1,
                      "justifyContent": "center",
                      "opacity": 1,
                      "padding": 8,
                    }
                  }
                >
                  <Text
                    style={
                      Object {
                        "backgroundColor": "transparent",
                        "color": "#fff",
                        "fontFamily": "RobotoCondensed-Regular",
                        "fontSize": 18,
                        "margin": 8,
                      }
                    }
                  >
                    FIRST TAB
                  </Text>
                </View>
              </View>
            </View>
            <View
              accessibilityLabel="SECOND TAB"
              accessible={true}
              isTVSelectable={true}
              onResponderGrant={[Function]}
              onResponderMove={[Function]}
              onResponderRelease={[Function]}
              onResponderTerminate={[Function]}
              onResponderTerminationRequest={[Function]}
              onStartShouldSetResponder={[Function]}
              style={
                Object {
                  "flex": 1,
                  "opacity": 1,
                }
              }
            >
              <View
                pointerEvents="none"
                style={
                  Object {
                    "flex": 1,
                  }
                }
              >
                <View
                  style={
                    Object {
                      "alignItems": "center",
                      "flex": 1,
                      "justifyContent": "center",
                      "opacity": 0.7,
                      "padding": 8,
                    }
                  }
                >
                  <Text
                    style={
                      Object {
                        "backgroundColor": "transparent",
                        "color": "#fff",
                        "fontFamily": "RobotoCondensed-Regular",
                        "fontSize": 18,
                        "margin": 8,
                      }
                    }
                  >
                    SECOND TAB
                  </Text>
                </View>
              </View>
            </View>
          </View>
        </RCTScrollView>
      </View>
    </View>
    <View
      onLayout={[Function]}
      style={
        Object {
          "flex": 1,
        }
      }
    >
      <RCTScrollView
        alwaysBounceHorizontal={false}
        automaticallyAdjustContentInsets={false}
        bounces={false}
        contentContainerStyle={null}
        contentOffset={
          Object {
            "x": 0,
            "y": 0,
          }
        }
        directionalLockEnabled={true}
        horizontal={true}
        keyboardDismissMode="on-drag"
        keyboardShouldPersistTaps="always"
        onMomentumScrollEnd={[Function]}
        onScroll={[Function]}
        overScrollMode="never"
        pagingEnabled={true}
        scrollEventThrottle={1}
        scrollsToTop={false}
        showsHorizontalScrollIndicator={false}
        style={
          Object {
            "flex": 1,
          }
        }
      >
        <View>
          <View
            accessibilityElementsHidden={false}
            importantForAccessibility="auto"
            style={
              Object {
                "overflow": "hidden",
                "width": 750,
              }
            }
          >
            <View>
              <Text
                style={
                  Object {
                    "color": "#FFF",
                    "fontFamily": "RobotoCondensed-Regular",
                    "fontSize": 16,
                    "fontWeight": "600",
                  }
                }
              >
                First tab content
              </Text>
            </View>
          </View>
          <View
            accessibilityElementsHidden={true}
            importantForAccessibility="no-hide-descendants"
            style={
              Object {
                "overflow": "hidden",
                "width": 750,
              }
            }
          >
            <View />
          </View>
        </View>
      </RCTScrollView>
    </View>
  </View>
</View>
`;
